// Vitest Snapshot v1, https://vitest.dev/guide/snapshot.html

exports[`monitor scalar query — empty project > verifies which parameters return zero and which return null 1`] = `
{
  "observations/costByType/avg": null,
  "observations/costByType/count": null,
  "observations/costByType/max": null,
  "observations/costByType/min": null,
  "observations/costByType/p50": null,
  "observations/costByType/p75": null,
  "observations/costByType/p90": null,
  "observations/costByType/p95": null,
  "observations/costByType/p99": null,
  "observations/costByType/sum": null,
  "observations/costByType/uniq": null,
  "observations/count/count": 0,
  "observations/countScores/avg": null,
  "observations/countScores/count": 0,
  "observations/countScores/max": 0,
  "observations/countScores/min": 0,
  "observations/countScores/p50": null,
  "observations/countScores/p75": null,
  "observations/countScores/p90": null,
  "observations/countScores/p95": null,
  "observations/countScores/p99": null,
  "observations/countScores/sum": 0,
  "observations/countScores/uniq": 0,
  "observations/inputCost/avg": null,
  "observations/inputCost/count": 0,
  "observations/inputCost/max": 0,
  "observations/inputCost/min": 0,
  "observations/inputCost/p50": 0,
  "observations/inputCost/p75": 0,
  "observations/inputCost/p90": 0,
  "observations/inputCost/p95": 0,
  "observations/inputCost/p99": 0,
  "observations/inputCost/sum": 0,
  "observations/inputCost/uniq": 0,
  "observations/inputTokens/avg": null,
  "observations/inputTokens/count": 0,
  "observations/inputTokens/max": 0,
  "observations/inputTokens/min": 0,
  "observations/inputTokens/p50": null,
  "observations/inputTokens/p75": null,
  "observations/inputTokens/p90": null,
  "observations/inputTokens/p95": null,
  "observations/inputTokens/p99": null,
  "observations/inputTokens/sum": 0,
  "observations/inputTokens/uniq": 0,
  "observations/latency/avg": null,
  "observations/latency/count": 0,
  "observations/latency/max": null,
  "observations/latency/min": null,
  "observations/latency/p50": null,
  "observations/latency/p75": null,
  "observations/latency/p90": null,
  "observations/latency/p95": null,
  "observations/latency/p99": null,
  "observations/latency/sum": null,
  "observations/latency/uniq": 0,
  "observations/outputCost/avg": null,
  "observations/outputCost/count": 0,
  "observations/outputCost/max": 0,
  "observations/outputCost/min": 0,
  "observations/outputCost/p50": 0,
  "observations/outputCost/p75": 0,
  "observations/outputCost/p90": 0,
  "observations/outputCost/p95": 0,
  "observations/outputCost/p99": 0,
  "observations/outputCost/sum": 0,
  "observations/outputCost/uniq": 0,
  "observations/outputTokens/avg": null,
  "observations/outputTokens/count": 0,
  "observations/outputTokens/max": 0,
  "observations/outputTokens/min": 0,
  "observations/outputTokens/p50": null,
  "observations/outputTokens/p75": null,
  "observations/outputTokens/p90": null,
  "observations/outputTokens/p95": null,
  "observations/outputTokens/p99": null,
  "observations/outputTokens/sum": 0,
  "observations/outputTokens/uniq": 0,
  "observations/outputTokensPerSecond/avg": null,
  "observations/outputTokensPerSecond/count": 0,
  "observations/outputTokensPerSecond/max": null,
  "observations/outputTokensPerSecond/min": null,
  "observations/outputTokensPerSecond/p50": null,
  "observations/outputTokensPerSecond/p75": null,
  "observations/outputTokensPerSecond/p90": null,
  "observations/outputTokensPerSecond/p95": null,
  "observations/outputTokensPerSecond/p99": null,
  "observations/outputTokensPerSecond/sum": null,
  "observations/outputTokensPerSecond/uniq": 0,
  "observations/streamingLatency/avg": null,
  "observations/streamingLatency/count": 0,
  "observations/streamingLatency/max": null,
  "observations/streamingLatency/min": null,
  "observations/streamingLatency/p50": null,
  "observations/streamingLatency/p75": null,
  "observations/streamingLatency/p90": null,
  "observations/streamingLatency/p95": null,
  "observations/streamingLatency/p99": null,
  "observations/streamingLatency/sum": null,
  "observations/streamingLatency/uniq": 0,
  "observations/timeToFirstToken/avg": null,
  "observations/timeToFirstToken/count": 0,
  "observations/timeToFirstToken/max": null,
  "observations/timeToFirstToken/min": null,
  "observations/timeToFirstToken/p50": null,
  "observations/timeToFirstToken/p75": null,
  "observations/timeToFirstToken/p90": null,
  "observations/timeToFirstToken/p95": null,
  "observations/timeToFirstToken/p99": null,
  "observations/timeToFirstToken/sum": null,
  "observations/timeToFirstToken/uniq": 0,
  "observations/tokensPerSecond/avg": null,
  "observations/tokensPerSecond/count": 0,
  "observations/tokensPerSecond/max": null,
  "observations/tokensPerSecond/min": null,
  "observations/tokensPerSecond/p50": null,
  "observations/tokensPerSecond/p75": null,
  "observations/tokensPerSecond/p90": null,
  "observations/tokensPerSecond/p95": null,
  "observations/tokensPerSecond/p99": null,
  "observations/tokensPerSecond/sum": null,
  "observations/tokensPerSecond/uniq": 0,
  "observations/toolCalls/avg": null,
  "observations/toolCalls/count": 0,
  "observations/toolCalls/max": null,
  "observations/toolCalls/min": null,
  "observations/toolCalls/p50": null,
  "observations/toolCalls/p75": null,
  "observations/toolCalls/p90": null,
  "observations/toolCalls/p95": null,
  "observations/toolCalls/p99": null,
  "observations/toolCalls/sum": null,
  "observations/toolCalls/uniq": 0,
  "observations/toolDefinitions/avg": null,
  "observations/toolDefinitions/count": 0,
  "observations/toolDefinitions/max": null,
  "observations/toolDefinitions/min": null,
  "observations/toolDefinitions/p50": null,
  "observations/toolDefinitions/p75": null,
  "observations/toolDefinitions/p90": null,
  "observations/toolDefinitions/p95": null,
  "observations/toolDefinitions/p99": null,
  "observations/toolDefinitions/sum": null,
  "observations/toolDefinitions/uniq": 0,
  "observations/totalCost/avg": null,
  "observations/totalCost/count": 0,
  "observations/totalCost/max": null,
  "observations/totalCost/min": null,
  "observations/totalCost/p50": null,
  "observations/totalCost/p75": null,
  "observations/totalCost/p90": null,
  "observations/totalCost/p95": null,
  "observations/totalCost/p99": null,
  "observations/totalCost/sum": null,
  "observations/totalCost/uniq": 0,
  "observations/totalTokens/avg": null,
  "observations/totalTokens/count": 0,
  "observations/totalTokens/max": 0,
  "observations/totalTokens/min": 0,
  "observations/totalTokens/p50": null,
  "observations/totalTokens/p75": null,
  "observations/totalTokens/p90": null,
  "observations/totalTokens/p95": null,
  "observations/totalTokens/p99": null,
  "observations/totalTokens/sum": 0,
  "observations/totalTokens/uniq": 0,
  "observations/traceId/count": 0,
  "observations/traceId/uniq": 0,
  "observations/uniqueSessionIds/count": 0,
  "observations/uniqueSessionIds/uniq": 0,
  "observations/uniqueUserIds/count": 0,
  "observations/uniqueUserIds/uniq": 0,
  "observations/usageByType/avg": null,
  "observations/usageByType/count": null,
  "observations/usageByType/max": null,
  "observations/usageByType/min": null,
  "observations/usageByType/p50": null,
  "observations/usageByType/p75": null,
  "observations/usageByType/p90": null,
  "observations/usageByType/p95": null,
  "observations/usageByType/p99": null,
  "observations/usageByType/sum": null,
  "observations/usageByType/uniq": null,
  "scores-categorical/count/avg": null,
  "scores-categorical/count/count": 0,
  "scores-categorical/count/max": 0,
  "scores-categorical/count/min": 0,
  "scores-categorical/count/p50": null,
  "scores-categorical/count/p75": null,
  "scores-categorical/count/p90": null,
  "scores-categorical/count/p95": null,
  "scores-categorical/count/p99": null,
  "scores-categorical/count/sum": 0,
  "scores-categorical/count/uniq": 0,
  "scores-numeric/count/avg": null,
  "scores-numeric/count/count": 0,
  "scores-numeric/count/max": 0,
  "scores-numeric/count/min": 0,
  "scores-numeric/count/p50": null,
  "scores-numeric/count/p75": null,
  "scores-numeric/count/p90": null,
  "scores-numeric/count/p95": null,
  "scores-numeric/count/p99": null,
  "scores-numeric/count/sum": 0,
  "scores-numeric/count/uniq": 0,
  "scores-numeric/value/avg": null,
  "scores-numeric/value/count": 0,
  "scores-numeric/value/max": 0,
  "scores-numeric/value/min": 0,
  "scores-numeric/value/p50": null,
  "scores-numeric/value/p75": null,
  "scores-numeric/value/p90": null,
  "scores-numeric/value/p95": null,
  "scores-numeric/value/p99": null,
  "scores-numeric/value/sum": 0,
  "scores-numeric/value/uniq": 0,
}
`;
