// Vitest Snapshot v1, https://vitest.dev/guide/snapshot.html

exports[`project-route auth parity > legacy matches the main-captured baseline 1`] = `
{
  "DELETE annotation-queues/[queueId]/assignments | admin/admin": 401,
  "DELETE annotation-queues/[queueId]/assignments | agent/basic": 401,
  "DELETE annotation-queues/[queueId]/assignments | agent/bearer": 401,
  "DELETE annotation-queues/[queueId]/assignments | org/basic": 403,
  "DELETE annotation-queues/[queueId]/assignments | org/bearer": 401,
  "DELETE annotation-queues/[queueId]/assignments | project/basic": 400,
  "DELETE annotation-queues/[queueId]/assignments | project/bearer": 403,
  "DELETE annotation-queues/[queueId]/items/[itemId] | admin/admin": 401,
  "DELETE annotation-queues/[queueId]/items/[itemId] | agent/basic": 401,
  "DELETE annotation-queues/[queueId]/items/[itemId] | agent/bearer": 401,
  "DELETE annotation-queues/[queueId]/items/[itemId] | org/basic": 403,
  "DELETE annotation-queues/[queueId]/items/[itemId] | org/bearer": 401,
  "DELETE annotation-queues/[queueId]/items/[itemId] | project/basic": 404,
  "DELETE annotation-queues/[queueId]/items/[itemId] | project/bearer": 403,
  "DELETE dataset-items/[datasetItemId] | admin/admin": 401,
  "DELETE dataset-items/[datasetItemId] | agent/basic": 401,
  "DELETE dataset-items/[datasetItemId] | agent/bearer": 401,
  "DELETE dataset-items/[datasetItemId] | org/basic": 403,
  "DELETE dataset-items/[datasetItemId] | org/bearer": 401,
  "DELETE dataset-items/[datasetItemId] | project/basic": 404,
  "DELETE dataset-items/[datasetItemId] | project/bearer": 403,
  "DELETE datasets/[name]/runs/[runName] | admin/admin": 401,
  "DELETE datasets/[name]/runs/[runName] | agent/basic": 401,
  "DELETE datasets/[name]/runs/[runName] | agent/bearer": 401,
  "DELETE datasets/[name]/runs/[runName] | org/basic": 403,
  "DELETE datasets/[name]/runs/[runName] | org/bearer": 401,
  "DELETE datasets/[name]/runs/[runName] | project/basic": 404,
  "DELETE datasets/[name]/runs/[runName] | project/bearer": 403,
  "DELETE llm-connections/[id] | admin/admin": 403,
  "DELETE llm-connections/[id] | agent/basic": 401,
  "DELETE llm-connections/[id] | agent/bearer": 401,
  "DELETE llm-connections/[id] | org/basic": 403,
  "DELETE llm-connections/[id] | org/bearer": 401,
  "DELETE llm-connections/[id] | project/basic": 404,
  "DELETE llm-connections/[id] | project/bearer": 403,
  "DELETE models/[modelId]/index | admin/admin": 403,
  "DELETE models/[modelId]/index | agent/basic": 401,
  "DELETE models/[modelId]/index | agent/bearer": 401,
  "DELETE models/[modelId]/index | org/basic": 403,
  "DELETE models/[modelId]/index | org/bearer": 401,
  "DELETE models/[modelId]/index | project/basic": 404,
  "DELETE models/[modelId]/index | project/bearer": 403,
  "DELETE scores/[scoreId] | admin/admin": 401,
  "DELETE scores/[scoreId] | agent/basic": 401,
  "DELETE scores/[scoreId] | agent/bearer": 401,
  "DELETE scores/[scoreId] | org/basic": 403,
  "DELETE scores/[scoreId] | org/bearer": 401,
  "DELETE scores/[scoreId] | project/basic": 202,
  "DELETE scores/[scoreId] | project/bearer": 403,
  "DELETE traces/[traceId] | admin/admin": 401,
  "DELETE traces/[traceId] | agent/basic": 401,
  "DELETE traces/[traceId] | agent/bearer": 401,
  "DELETE traces/[traceId] | org/basic": 403,
  "DELETE traces/[traceId] | org/bearer": 401,
  "DELETE traces/[traceId] | project/basic": 200,
  "DELETE traces/[traceId] | project/bearer": 403,
  "DELETE traces/index | admin/admin": 401,
  "DELETE traces/index | agent/basic": 401,
  "DELETE traces/index | agent/bearer": 401,
  "DELETE traces/index | org/basic": 403,
  "DELETE traces/index | org/bearer": 401,
  "DELETE traces/index | project/basic": 400,
  "DELETE traces/index | project/bearer": 403,
  "DELETE unstable/dashboard-widgets/[widgetId] | admin/admin": 401,
  "DELETE unstable/dashboard-widgets/[widgetId] | agent/basic": 401,
  "DELETE unstable/dashboard-widgets/[widgetId] | agent/bearer": 401,
  "DELETE unstable/dashboard-widgets/[widgetId] | org/basic": 403,
  "DELETE unstable/dashboard-widgets/[widgetId] | org/bearer": 401,
  "DELETE unstable/dashboard-widgets/[widgetId] | project/basic": 404,
  "DELETE unstable/dashboard-widgets/[widgetId] | project/bearer": 403,
  "DELETE unstable/dashboards/[dashboardId] | admin/admin": 401,
  "DELETE unstable/dashboards/[dashboardId] | agent/basic": 401,
  "DELETE unstable/dashboards/[dashboardId] | agent/bearer": 401,
  "DELETE unstable/dashboards/[dashboardId] | org/basic": 403,
  "DELETE unstable/dashboards/[dashboardId] | org/bearer": 401,
  "DELETE unstable/dashboards/[dashboardId] | project/basic": 404,
  "DELETE unstable/dashboards/[dashboardId] | project/bearer": 403,
  "DELETE unstable/dashboards/[dashboardId]/placements/[placementId] | admin/admin": 401,
  "DELETE unstable/dashboards/[dashboardId]/placements/[placementId] | agent/basic": 401,
  "DELETE unstable/dashboards/[dashboardId]/placements/[placementId] | agent/bearer": 401,
  "DELETE unstable/dashboards/[dashboardId]/placements/[placementId] | org/basic": 403,
  "DELETE unstable/dashboards/[dashboardId]/placements/[placementId] | org/bearer": 401,
  "DELETE unstable/dashboards/[dashboardId]/placements/[placementId] | project/basic": 404,
  "DELETE unstable/dashboards/[dashboardId]/placements/[placementId] | project/bearer": 403,
  "DELETE unstable/evaluation-rules/[evaluationRuleId] | admin/admin": 401,
  "DELETE unstable/evaluation-rules/[evaluationRuleId] | agent/basic": 401,
  "DELETE unstable/evaluation-rules/[evaluationRuleId] | agent/bearer": 401,
  "DELETE unstable/evaluation-rules/[evaluationRuleId] | org/basic": 403,
  "DELETE unstable/evaluation-rules/[evaluationRuleId] | org/bearer": 401,
  "DELETE unstable/evaluation-rules/[evaluationRuleId] | project/basic": 404,
  "DELETE unstable/evaluation-rules/[evaluationRuleId] | project/bearer": 403,
  "DELETE unstable/evaluators/[evaluatorId] | admin/admin": 401,
  "DELETE unstable/evaluators/[evaluatorId] | agent/basic": 401,
  "DELETE unstable/evaluators/[evaluatorId] | agent/bearer": 401,
  "DELETE unstable/evaluators/[evaluatorId] | org/basic": 403,
  "DELETE unstable/evaluators/[evaluatorId] | org/bearer": 401,
  "DELETE unstable/evaluators/[evaluatorId] | project/basic": 404,
  "DELETE unstable/evaluators/[evaluatorId] | project/bearer": 403,
  "GET annotation-queues/[queueId]/index | admin/admin": 401,
  "GET annotation-queues/[queueId]/index | agent/basic": 401,
  "GET annotation-queues/[queueId]/index | agent/bearer": 401,
  "GET annotation-queues/[queueId]/index | org/basic": 403,
  "GET annotation-queues/[queueId]/index | org/bearer": 401,
  "GET annotation-queues/[queueId]/index | project/basic": 404,
  "GET annotation-queues/[queueId]/index | project/bearer": 403,
  "GET annotation-queues/[queueId]/items/[itemId] | admin/admin": 401,
  "GET annotation-queues/[queueId]/items/[itemId] | agent/basic": 401,
  "GET annotation-queues/[queueId]/items/[itemId] | agent/bearer": 401,
  "GET annotation-queues/[queueId]/items/[itemId] | org/basic": 403,
  "GET annotation-queues/[queueId]/items/[itemId] | org/bearer": 401,
  "GET annotation-queues/[queueId]/items/[itemId] | project/basic": 404,
  "GET annotation-queues/[queueId]/items/[itemId] | project/bearer": 403,
  "GET annotation-queues/[queueId]/items/index | admin/admin": 401,
  "GET annotation-queues/[queueId]/items/index | agent/basic": 401,
  "GET annotation-queues/[queueId]/items/index | agent/bearer": 401,
  "GET annotation-queues/[queueId]/items/index | org/basic": 403,
  "GET annotation-queues/[queueId]/items/index | org/bearer": 401,
  "GET annotation-queues/[queueId]/items/index | project/basic": 404,
  "GET annotation-queues/[queueId]/items/index | project/bearer": 403,
  "GET annotation-queues/index | admin/admin": 401,
  "GET annotation-queues/index | agent/basic": 401,
  "GET annotation-queues/index | agent/bearer": 401,
  "GET annotation-queues/index | org/basic": 403,
  "GET annotation-queues/index | org/bearer": 401,
  "GET annotation-queues/index | project/basic": 200,
  "GET annotation-queues/index | project/bearer": 403,
  "GET comments/[commentId] | admin/admin": 401,
  "GET comments/[commentId] | agent/basic": 401,
  "GET comments/[commentId] | agent/bearer": 401,
  "GET comments/[commentId] | org/basic": 403,
  "GET comments/[commentId] | org/bearer": 401,
  "GET comments/[commentId] | project/basic": 404,
  "GET comments/[commentId] | project/bearer": 403,
  "GET comments/index | admin/admin": 401,
  "GET comments/index | agent/basic": 401,
  "GET comments/index | agent/bearer": 401,
  "GET comments/index | org/basic": 403,
  "GET comments/index | org/bearer": 401,
  "GET comments/index | project/basic": 200,
  "GET comments/index | project/bearer": 403,
  "GET dataset-items/[datasetItemId] | admin/admin": 401,
  "GET dataset-items/[datasetItemId] | agent/basic": 401,
  "GET dataset-items/[datasetItemId] | agent/bearer": 401,
  "GET dataset-items/[datasetItemId] | org/basic": 403,
  "GET dataset-items/[datasetItemId] | org/bearer": 401,
  "GET dataset-items/[datasetItemId] | project/basic": 404,
  "GET dataset-items/[datasetItemId] | project/bearer": 403,
  "GET dataset-items/index | admin/admin": 401,
  "GET dataset-items/index | agent/basic": 401,
  "GET dataset-items/index | agent/bearer": 401,
  "GET dataset-items/index | org/basic": 403,
  "GET dataset-items/index | org/bearer": 401,
  "GET dataset-items/index | project/basic": 200,
  "GET dataset-items/index | project/bearer": 403,
  "GET dataset-run-items | admin/admin": 401,
  "GET dataset-run-items | agent/basic": 401,
  "GET dataset-run-items | agent/bearer": 401,
  "GET dataset-run-items | org/basic": 403,
  "GET dataset-run-items | org/bearer": 401,
  "GET dataset-run-items | project/basic": 400,
  "GET dataset-run-items | project/bearer": 403,
  "GET datasets/[name]/index | admin/admin": 401,
  "GET datasets/[name]/index | agent/basic": 401,
  "GET datasets/[name]/index | agent/bearer": 401,
  "GET datasets/[name]/index | org/basic": 403,
  "GET datasets/[name]/index | org/bearer": 401,
  "GET datasets/[name]/index | project/basic": 404,
  "GET datasets/[name]/index | project/bearer": 403,
  "GET datasets/[name]/runs/[runName] | admin/admin": 401,
  "GET datasets/[name]/runs/[runName] | agent/basic": 401,
  "GET datasets/[name]/runs/[runName] | agent/bearer": 401,
  "GET datasets/[name]/runs/[runName] | org/basic": 403,
  "GET datasets/[name]/runs/[runName] | org/bearer": 401,
  "GET datasets/[name]/runs/[runName] | project/basic": 404,
  "GET datasets/[name]/runs/[runName] | project/bearer": 403,
  "GET datasets/[name]/runs/index | admin/admin": 401,
  "GET datasets/[name]/runs/index | agent/basic": 401,
  "GET datasets/[name]/runs/index | agent/bearer": 401,
  "GET datasets/[name]/runs/index | org/basic": 403,
  "GET datasets/[name]/runs/index | org/bearer": 401,
  "GET datasets/[name]/runs/index | project/basic": 404,
  "GET datasets/[name]/runs/index | project/bearer": 403,
  "GET datasets/index | admin/admin": 401,
  "GET datasets/index | agent/basic": 401,
  "GET datasets/index | agent/bearer": 401,
  "GET datasets/index | org/basic": 403,
  "GET datasets/index | org/bearer": 401,
  "GET datasets/index | project/basic": 200,
  "GET datasets/index | project/bearer": 403,
  "GET experiment-items/index | admin/admin": 401,
  "GET experiment-items/index | agent/basic": 400,
  "GET experiment-items/index | agent/bearer": 403,
  "GET experiment-items/index | org/basic": 403,
  "GET experiment-items/index | org/bearer": 401,
  "GET experiment-items/index | project/basic": 400,
  "GET experiment-items/index | project/bearer": 403,
  "GET experiments/index | admin/admin": 401,
  "GET experiments/index | agent/basic": 400,
  "GET experiments/index | agent/bearer": 403,
  "GET experiments/index | org/basic": 403,
  "GET experiments/index | org/bearer": 401,
  "GET experiments/index | project/basic": 400,
  "GET experiments/index | project/bearer": 403,
  "GET llm-connections/index | admin/admin": 403,
  "GET llm-connections/index | agent/basic": 401,
  "GET llm-connections/index | agent/bearer": 401,
  "GET llm-connections/index | org/basic": 403,
  "GET llm-connections/index | org/bearer": 401,
  "GET llm-connections/index | project/basic": 200,
  "GET llm-connections/index | project/bearer": 403,
  "GET media/[mediaId] | admin/admin": 401,
  "GET media/[mediaId] | agent/basic": 401,
  "GET media/[mediaId] | agent/bearer": 401,
  "GET media/[mediaId] | org/basic": 403,
  "GET media/[mediaId] | org/bearer": 401,
  "GET media/[mediaId] | project/basic": 404,
  "GET media/[mediaId] | project/bearer": 403,
  "GET metrics/daily | admin/admin": 401,
  "GET metrics/daily | agent/basic": 401,
  "GET metrics/daily | agent/bearer": 401,
  "GET metrics/daily | org/basic": 403,
  "GET metrics/daily | org/bearer": 401,
  "GET metrics/daily | project/basic": 200,
  "GET metrics/daily | project/bearer": 403,
  "GET metrics/index | admin/admin": 401,
  "GET metrics/index | agent/basic": 401,
  "GET metrics/index | agent/bearer": 401,
  "GET metrics/index | org/basic": 403,
  "GET metrics/index | org/bearer": 401,
  "GET metrics/index | project/basic": 400,
  "GET metrics/index | project/bearer": 403,
  "GET models/[modelId]/index | admin/admin": 403,
  "GET models/[modelId]/index | agent/basic": 401,
  "GET models/[modelId]/index | agent/bearer": 401,
  "GET models/[modelId]/index | org/basic": 403,
  "GET models/[modelId]/index | org/bearer": 401,
  "GET models/[modelId]/index | project/basic": 404,
  "GET models/[modelId]/index | project/bearer": 403,
  "GET models/index | admin/admin": 403,
  "GET models/index | agent/basic": 401,
  "GET models/index | agent/bearer": 401,
  "GET models/index | org/basic": 403,
  "GET models/index | org/bearer": 401,
  "GET models/index | project/basic": 200,
  "GET models/index | project/bearer": 403,
  "GET observations/[observationId] | admin/admin": 401,
  "GET observations/[observationId] | agent/basic": 404,
  "GET observations/[observationId] | agent/bearer": 403,
  "GET observations/[observationId] | org/basic": 403,
  "GET observations/[observationId] | org/bearer": 401,
  "GET observations/[observationId] | project/basic": 404,
  "GET observations/[observationId] | project/bearer": 403,
  "GET observations/index | admin/admin": 401,
  "GET observations/index | agent/basic": 200,
  "GET observations/index | agent/bearer": 403,
  "GET observations/index | org/basic": 403,
  "GET observations/index | org/bearer": 401,
  "GET observations/index | project/basic": 200,
  "GET observations/index | project/bearer": 403,
  "GET score-configs/[configId] | admin/admin": 401,
  "GET score-configs/[configId] | agent/basic": 401,
  "GET score-configs/[configId] | agent/bearer": 401,
  "GET score-configs/[configId] | org/basic": 403,
  "GET score-configs/[configId] | org/bearer": 401,
  "GET score-configs/[configId] | project/basic": 404,
  "GET score-configs/[configId] | project/bearer": 403,
  "GET score-configs/index | admin/admin": 401,
  "GET score-configs/index | agent/basic": 401,
  "GET score-configs/index | agent/bearer": 401,
  "GET score-configs/index | org/basic": 403,
  "GET score-configs/index | org/bearer": 401,
  "GET score-configs/index | project/basic": 200,
  "GET score-configs/index | project/bearer": 403,
  "GET scores/[scoreId] | admin/admin": 401,
  "GET scores/[scoreId] | agent/basic": 401,
  "GET scores/[scoreId] | agent/bearer": 401,
  "GET scores/[scoreId] | org/basic": 403,
  "GET scores/[scoreId] | org/bearer": 401,
  "GET scores/[scoreId] | project/basic": 404,
  "GET scores/[scoreId] | project/bearer": 403,
  "GET scores/index | admin/admin": 401,
  "GET scores/index | agent/basic": 401,
  "GET scores/index | agent/bearer": 401,
  "GET scores/index | org/basic": 403,
  "GET scores/index | org/bearer": 401,
  "GET scores/index | project/basic": 200,
  "GET scores/index | project/bearer": 403,
  "GET sessions/[sessionId] | admin/admin": 401,
  "GET sessions/[sessionId] | agent/basic": 401,
  "GET sessions/[sessionId] | agent/bearer": 401,
  "GET sessions/[sessionId] | org/basic": 403,
  "GET sessions/[sessionId] | org/bearer": 401,
  "GET sessions/[sessionId] | project/basic": 404,
  "GET sessions/[sessionId] | project/bearer": 403,
  "GET sessions/index | admin/admin": 401,
  "GET sessions/index | agent/basic": 401,
  "GET sessions/index | agent/bearer": 401,
  "GET sessions/index | org/basic": 403,
  "GET sessions/index | org/bearer": 401,
  "GET sessions/index | project/basic": 200,
  "GET sessions/index | project/bearer": 403,
  "GET traces/[traceId] | admin/admin": 401,
  "GET traces/[traceId] | agent/basic": 401,
  "GET traces/[traceId] | agent/bearer": 401,
  "GET traces/[traceId] | org/basic": 403,
  "GET traces/[traceId] | org/bearer": 401,
  "GET traces/[traceId] | project/basic": 404,
  "GET traces/[traceId] | project/bearer": 403,
  "GET traces/index | admin/admin": 401,
  "GET traces/index | agent/basic": 401,
  "GET traces/index | agent/bearer": 401,
  "GET traces/index | org/basic": 403,
  "GET traces/index | org/bearer": 401,
  "GET traces/index | project/basic": 200,
  "GET traces/index | project/bearer": 403,
  "GET unstable/dashboard-widgets/[widgetId] | admin/admin": 401,
  "GET unstable/dashboard-widgets/[widgetId] | agent/basic": 401,
  "GET unstable/dashboard-widgets/[widgetId] | agent/bearer": 401,
  "GET unstable/dashboard-widgets/[widgetId] | org/basic": 403,
  "GET unstable/dashboard-widgets/[widgetId] | org/bearer": 401,
  "GET unstable/dashboard-widgets/[widgetId] | project/basic": 404,
  "GET unstable/dashboard-widgets/[widgetId] | project/bearer": 403,
  "GET unstable/dashboard-widgets/index | admin/admin": 401,
  "GET unstable/dashboard-widgets/index | agent/basic": 401,
  "GET unstable/dashboard-widgets/index | agent/bearer": 401,
  "GET unstable/dashboard-widgets/index | org/basic": 403,
  "GET unstable/dashboard-widgets/index | org/bearer": 401,
  "GET unstable/dashboard-widgets/index | project/basic": 200,
  "GET unstable/dashboard-widgets/index | project/bearer": 403,
  "GET unstable/dashboards/[dashboardId] | admin/admin": 401,
  "GET unstable/dashboards/[dashboardId] | agent/basic": 401,
  "GET unstable/dashboards/[dashboardId] | agent/bearer": 401,
  "GET unstable/dashboards/[dashboardId] | org/basic": 403,
  "GET unstable/dashboards/[dashboardId] | org/bearer": 401,
  "GET unstable/dashboards/[dashboardId] | project/basic": 404,
  "GET unstable/dashboards/[dashboardId] | project/bearer": 403,
  "GET unstable/dashboards/index | admin/admin": 401,
  "GET unstable/dashboards/index | agent/basic": 401,
  "GET unstable/dashboards/index | agent/bearer": 401,
  "GET unstable/dashboards/index | org/basic": 403,
  "GET unstable/dashboards/index | org/bearer": 401,
  "GET unstable/dashboards/index | project/basic": 200,
  "GET unstable/dashboards/index | project/bearer": 403,
  "GET unstable/evaluation-rules/[evaluationRuleId] | admin/admin": 401,
  "GET unstable/evaluation-rules/[evaluationRuleId] | agent/basic": 401,
  "GET unstable/evaluation-rules/[evaluationRuleId] | agent/bearer": 401,
  "GET unstable/evaluation-rules/[evaluationRuleId] | org/basic": 403,
  "GET unstable/evaluation-rules/[evaluationRuleId] | org/bearer": 401,
  "GET unstable/evaluation-rules/[evaluationRuleId] | project/basic": 404,
  "GET unstable/evaluation-rules/[evaluationRuleId] | project/bearer": 403,
  "GET unstable/evaluation-rules/index | admin/admin": 401,
  "GET unstable/evaluation-rules/index | agent/basic": 401,
  "GET unstable/evaluation-rules/index | agent/bearer": 401,
  "GET unstable/evaluation-rules/index | org/basic": 403,
  "GET unstable/evaluation-rules/index | org/bearer": 401,
  "GET unstable/evaluation-rules/index | project/basic": 200,
  "GET unstable/evaluation-rules/index | project/bearer": 403,
  "GET unstable/evaluators/[evaluatorId] | admin/admin": 401,
  "GET unstable/evaluators/[evaluatorId] | agent/basic": 401,
  "GET unstable/evaluators/[evaluatorId] | agent/bearer": 401,
  "GET unstable/evaluators/[evaluatorId] | org/basic": 403,
  "GET unstable/evaluators/[evaluatorId] | org/bearer": 401,
  "GET unstable/evaluators/[evaluatorId] | project/basic": 404,
  "GET unstable/evaluators/[evaluatorId] | project/bearer": 403,
  "GET unstable/evaluators/index | admin/admin": 401,
  "GET unstable/evaluators/index | agent/basic": 401,
  "GET unstable/evaluators/index | agent/bearer": 401,
  "GET unstable/evaluators/index | org/basic": 403,
  "GET unstable/evaluators/index | org/bearer": 401,
  "GET unstable/evaluators/index | project/basic": 200,
  "GET unstable/evaluators/index | project/bearer": 403,
  "GET v2/datasets/[datasetName]/index | admin/admin": 401,
  "GET v2/datasets/[datasetName]/index | agent/basic": 401,
  "GET v2/datasets/[datasetName]/index | agent/bearer": 401,
  "GET v2/datasets/[datasetName]/index | org/basic": 403,
  "GET v2/datasets/[datasetName]/index | org/bearer": 401,
  "GET v2/datasets/[datasetName]/index | project/basic": 404,
  "GET v2/datasets/[datasetName]/index | project/bearer": 403,
  "GET v2/datasets/index | admin/admin": 401,
  "GET v2/datasets/index | agent/basic": 401,
  "GET v2/datasets/index | agent/bearer": 401,
  "GET v2/datasets/index | org/basic": 403,
  "GET v2/datasets/index | org/bearer": 401,
  "GET v2/datasets/index | project/basic": 200,
  "GET v2/datasets/index | project/bearer": 403,
  "GET v2/metrics | admin/admin": 401,
  "GET v2/metrics | agent/basic": 401,
  "GET v2/metrics | agent/bearer": 401,
  "GET v2/metrics | org/basic": 403,
  "GET v2/metrics | org/bearer": 401,
  "GET v2/metrics | project/basic": 400,
  "GET v2/metrics | project/bearer": 403,
  "GET v2/observations/index | admin/admin": 401,
  "GET v2/observations/index | agent/basic": 200,
  "GET v2/observations/index | agent/bearer": 403,
  "GET v2/observations/index | org/basic": 403,
  "GET v2/observations/index | org/bearer": 401,
  "GET v2/observations/index | project/basic": 200,
  "GET v2/observations/index | project/bearer": 403,
  "GET v2/scores/[scoreId] | admin/admin": 401,
  "GET v2/scores/[scoreId] | agent/basic": 401,
  "GET v2/scores/[scoreId] | agent/bearer": 401,
  "GET v2/scores/[scoreId] | org/basic": 403,
  "GET v2/scores/[scoreId] | org/bearer": 401,
  "GET v2/scores/[scoreId] | project/basic": 404,
  "GET v2/scores/[scoreId] | project/bearer": 403,
  "GET v2/scores/index | admin/admin": 401,
  "GET v2/scores/index | agent/basic": 401,
  "GET v2/scores/index | agent/bearer": 401,
  "GET v2/scores/index | org/basic": 403,
  "GET v2/scores/index | org/bearer": 401,
  "GET v2/scores/index | project/basic": 200,
  "GET v2/scores/index | project/bearer": 403,
  "GET v3/scores/index | admin/admin": 401,
  "GET v3/scores/index | agent/basic": 401,
  "GET v3/scores/index | agent/bearer": 401,
  "GET v3/scores/index | org/basic": 403,
  "GET v3/scores/index | org/bearer": 401,
  "GET v3/scores/index | project/basic": 200,
  "GET v3/scores/index | project/bearer": 403,
  "PATCH annotation-queues/[queueId]/items/[itemId] | admin/admin": 401,
  "PATCH annotation-queues/[queueId]/items/[itemId] | agent/basic": 401,
  "PATCH annotation-queues/[queueId]/items/[itemId] | agent/bearer": 401,
  "PATCH annotation-queues/[queueId]/items/[itemId] | org/basic": 403,
  "PATCH annotation-queues/[queueId]/items/[itemId] | org/bearer": 401,
  "PATCH annotation-queues/[queueId]/items/[itemId] | project/basic": 404,
  "PATCH annotation-queues/[queueId]/items/[itemId] | project/bearer": 403,
  "PATCH generations | admin/admin": 401,
  "PATCH generations | agent/basic": 401,
  "PATCH generations | agent/bearer": 401,
  "PATCH generations | org/basic": 403,
  "PATCH generations | org/bearer": 401,
  "PATCH generations | project/basic": 400,
  "PATCH generations | project/bearer": 403,
  "PATCH media/[mediaId] | admin/admin": 401,
  "PATCH media/[mediaId] | agent/basic": 401,
  "PATCH media/[mediaId] | agent/bearer": 401,
  "PATCH media/[mediaId] | org/basic": 403,
  "PATCH media/[mediaId] | org/bearer": 401,
  "PATCH media/[mediaId] | project/basic": 400,
  "PATCH media/[mediaId] | project/bearer": 403,
  "PATCH score-configs/[configId] | admin/admin": 401,
  "PATCH score-configs/[configId] | agent/basic": 401,
  "PATCH score-configs/[configId] | agent/bearer": 401,
  "PATCH score-configs/[configId] | org/basic": 403,
  "PATCH score-configs/[configId] | org/bearer": 401,
  "PATCH score-configs/[configId] | project/basic": 400,
  "PATCH score-configs/[configId] | project/bearer": 403,
  "PATCH spans | admin/admin": 401,
  "PATCH spans | agent/basic": 401,
  "PATCH spans | agent/bearer": 401,
  "PATCH spans | org/basic": 403,
  "PATCH spans | org/bearer": 401,
  "PATCH spans | project/basic": 400,
  "PATCH spans | project/bearer": 403,
  "PATCH unstable/dashboard-widgets/[widgetId] | admin/admin": 401,
  "PATCH unstable/dashboard-widgets/[widgetId] | agent/basic": 401,
  "PATCH unstable/dashboard-widgets/[widgetId] | agent/bearer": 401,
  "PATCH unstable/dashboard-widgets/[widgetId] | org/basic": 403,
  "PATCH unstable/dashboard-widgets/[widgetId] | org/bearer": 401,
  "PATCH unstable/dashboard-widgets/[widgetId] | project/basic": 400,
  "PATCH unstable/dashboard-widgets/[widgetId] | project/bearer": 403,
  "PATCH unstable/dashboards/[dashboardId] | admin/admin": 401,
  "PATCH unstable/dashboards/[dashboardId] | agent/basic": 401,
  "PATCH unstable/dashboards/[dashboardId] | agent/bearer": 401,
  "PATCH unstable/dashboards/[dashboardId] | org/basic": 403,
  "PATCH unstable/dashboards/[dashboardId] | org/bearer": 401,
  "PATCH unstable/dashboards/[dashboardId] | project/basic": 400,
  "PATCH unstable/dashboards/[dashboardId] | project/bearer": 403,
  "PATCH unstable/dashboards/[dashboardId]/placements/[placementId] | admin/admin": 401,
  "PATCH unstable/dashboards/[dashboardId]/placements/[placementId] | agent/basic": 401,
  "PATCH unstable/dashboards/[dashboardId]/placements/[placementId] | agent/bearer": 401,
  "PATCH unstable/dashboards/[dashboardId]/placements/[placementId] | org/basic": 403,
  "PATCH unstable/dashboards/[dashboardId]/placements/[placementId] | org/bearer": 401,
  "PATCH unstable/dashboards/[dashboardId]/placements/[placementId] | project/basic": 400,
  "PATCH unstable/dashboards/[dashboardId]/placements/[placementId] | project/bearer": 403,
  "PATCH unstable/evaluation-rules/[evaluationRuleId] | admin/admin": 401,
  "PATCH unstable/evaluation-rules/[evaluationRuleId] | agent/basic": 401,
  "PATCH unstable/evaluation-rules/[evaluationRuleId] | agent/bearer": 401,
  "PATCH unstable/evaluation-rules/[evaluationRuleId] | org/basic": 403,
  "PATCH unstable/evaluation-rules/[evaluationRuleId] | org/bearer": 401,
  "PATCH unstable/evaluation-rules/[evaluationRuleId] | project/basic": 400,
  "PATCH unstable/evaluation-rules/[evaluationRuleId] | project/bearer": 403,
  "POST annotation-queues/[queueId]/assignments | admin/admin": 401,
  "POST annotation-queues/[queueId]/assignments | agent/basic": 401,
  "POST annotation-queues/[queueId]/assignments | agent/bearer": 401,
  "POST annotation-queues/[queueId]/assignments | org/basic": 403,
  "POST annotation-queues/[queueId]/assignments | org/bearer": 401,
  "POST annotation-queues/[queueId]/assignments | project/basic": 400,
  "POST annotation-queues/[queueId]/assignments | project/bearer": 403,
  "POST annotation-queues/[queueId]/items/index | admin/admin": 401,
  "POST annotation-queues/[queueId]/items/index | agent/basic": 401,
  "POST annotation-queues/[queueId]/items/index | agent/bearer": 401,
  "POST annotation-queues/[queueId]/items/index | org/basic": 403,
  "POST annotation-queues/[queueId]/items/index | org/bearer": 401,
  "POST annotation-queues/[queueId]/items/index | project/basic": 400,
  "POST annotation-queues/[queueId]/items/index | project/bearer": 403,
  "POST annotation-queues/index | admin/admin": 401,
  "POST annotation-queues/index | agent/basic": 401,
  "POST annotation-queues/index | agent/bearer": 401,
  "POST annotation-queues/index | org/basic": 403,
  "POST annotation-queues/index | org/bearer": 401,
  "POST annotation-queues/index | project/basic": 400,
  "POST annotation-queues/index | project/bearer": 403,
  "POST comments/index | admin/admin": 401,
  "POST comments/index | agent/basic": 401,
  "POST comments/index | agent/bearer": 401,
  "POST comments/index | org/basic": 403,
  "POST comments/index | org/bearer": 401,
  "POST comments/index | project/basic": 400,
  "POST comments/index | project/bearer": 403,
  "POST dataset-items/index | admin/admin": 401,
  "POST dataset-items/index | agent/basic": 401,
  "POST dataset-items/index | agent/bearer": 401,
  "POST dataset-items/index | org/basic": 403,
  "POST dataset-items/index | org/bearer": 401,
  "POST dataset-items/index | project/basic": 400,
  "POST dataset-items/index | project/bearer": 403,
  "POST dataset-run-items | admin/admin": 401,
  "POST dataset-run-items | agent/basic": 401,
  "POST dataset-run-items | agent/bearer": 401,
  "POST dataset-run-items | org/basic": 403,
  "POST dataset-run-items | org/bearer": 401,
  "POST dataset-run-items | project/basic": 400,
  "POST dataset-run-items | project/bearer": 403,
  "POST datasets/index | admin/admin": 401,
  "POST datasets/index | agent/basic": 401,
  "POST datasets/index | agent/bearer": 401,
  "POST datasets/index | org/basic": 403,
  "POST datasets/index | org/bearer": 401,
  "POST datasets/index | project/basic": 400,
  "POST datasets/index | project/bearer": 403,
  "POST events | admin/admin": 401,
  "POST events | agent/basic": 401,
  "POST events | agent/bearer": 401,
  "POST events | org/basic": 403,
  "POST events | org/bearer": 401,
  "POST events | project/basic": 400,
  "POST events | project/bearer": 403,
  "POST feedback | admin/admin": 401,
  "POST feedback | agent/basic": 401,
  "POST feedback | agent/bearer": 401,
  "POST feedback | org/basic": 403,
  "POST feedback | org/bearer": 401,
  "POST feedback | project/basic": 400,
  "POST feedback | project/bearer": 403,
  "POST generations | admin/admin": 401,
  "POST generations | agent/basic": 401,
  "POST generations | agent/bearer": 401,
  "POST generations | org/basic": 403,
  "POST generations | org/bearer": 401,
  "POST generations | project/basic": 200,
  "POST generations | project/bearer": 403,
  "POST media/index | admin/admin": 401,
  "POST media/index | agent/basic": 401,
  "POST media/index | agent/bearer": 401,
  "POST media/index | org/basic": 403,
  "POST media/index | org/bearer": 401,
  "POST media/index | project/basic": 400,
  "POST media/index | project/bearer": 403,
  "POST models/index | admin/admin": 403,
  "POST models/index | agent/basic": 401,
  "POST models/index | agent/bearer": 401,
  "POST models/index | org/basic": 403,
  "POST models/index | org/bearer": 401,
  "POST models/index | project/basic": 400,
  "POST models/index | project/bearer": 403,
  "POST score-configs/index | admin/admin": 401,
  "POST score-configs/index | agent/basic": 401,
  "POST score-configs/index | agent/bearer": 401,
  "POST score-configs/index | org/basic": 403,
  "POST score-configs/index | org/bearer": 401,
  "POST score-configs/index | project/basic": 400,
  "POST score-configs/index | project/bearer": 403,
  "POST scores/index | admin/admin": 401,
  "POST scores/index | agent/basic": 401,
  "POST scores/index | agent/bearer": 401,
  "POST scores/index | org/basic": 403,
  "POST scores/index | org/bearer": 401,
  "POST scores/index | project/basic": 400,
  "POST scores/index | project/bearer": 400,
  "POST spans | admin/admin": 401,
  "POST spans | agent/basic": 401,
  "POST spans | agent/bearer": 401,
  "POST spans | org/basic": 403,
  "POST spans | org/bearer": 401,
  "POST spans | project/basic": 200,
  "POST spans | project/bearer": 403,
  "POST traces/index | admin/admin": 401,
  "POST traces/index | agent/basic": 401,
  "POST traces/index | agent/bearer": 401,
  "POST traces/index | org/basic": 403,
  "POST traces/index | org/bearer": 401,
  "POST traces/index | project/basic": 200,
  "POST traces/index | project/bearer": 403,
  "POST unstable/dashboard-widgets/index | admin/admin": 401,
  "POST unstable/dashboard-widgets/index | agent/basic": 401,
  "POST unstable/dashboard-widgets/index | agent/bearer": 401,
  "POST unstable/dashboard-widgets/index | org/basic": 403,
  "POST unstable/dashboard-widgets/index | org/bearer": 401,
  "POST unstable/dashboard-widgets/index | project/basic": 400,
  "POST unstable/dashboard-widgets/index | project/bearer": 403,
  "POST unstable/dashboards/[dashboardId]/placements/index | admin/admin": 401,
  "POST unstable/dashboards/[dashboardId]/placements/index | agent/basic": 401,
  "POST unstable/dashboards/[dashboardId]/placements/index | agent/bearer": 401,
  "POST unstable/dashboards/[dashboardId]/placements/index | org/basic": 403,
  "POST unstable/dashboards/[dashboardId]/placements/index | org/bearer": 401,
  "POST unstable/dashboards/[dashboardId]/placements/index | project/basic": 400,
  "POST unstable/dashboards/[dashboardId]/placements/index | project/bearer": 403,
  "POST unstable/dashboards/index | admin/admin": 401,
  "POST unstable/dashboards/index | agent/basic": 401,
  "POST unstable/dashboards/index | agent/bearer": 401,
  "POST unstable/dashboards/index | org/basic": 403,
  "POST unstable/dashboards/index | org/bearer": 401,
  "POST unstable/dashboards/index | project/basic": 400,
  "POST unstable/dashboards/index | project/bearer": 403,
  "POST unstable/evaluation-rules/index | admin/admin": 401,
  "POST unstable/evaluation-rules/index | agent/basic": 401,
  "POST unstable/evaluation-rules/index | agent/bearer": 401,
  "POST unstable/evaluation-rules/index | org/basic": 403,
  "POST unstable/evaluation-rules/index | org/bearer": 401,
  "POST unstable/evaluation-rules/index | project/basic": 400,
  "POST unstable/evaluation-rules/index | project/bearer": 403,
  "POST unstable/evaluators/index | admin/admin": 401,
  "POST unstable/evaluators/index | agent/basic": 401,
  "POST unstable/evaluators/index | agent/bearer": 401,
  "POST unstable/evaluators/index | org/basic": 403,
  "POST unstable/evaluators/index | org/bearer": 401,
  "POST unstable/evaluators/index | project/basic": 400,
  "POST unstable/evaluators/index | project/bearer": 403,
  "POST v2/datasets/index | admin/admin": 401,
  "POST v2/datasets/index | agent/basic": 401,
  "POST v2/datasets/index | agent/bearer": 401,
  "POST v2/datasets/index | org/basic": 403,
  "POST v2/datasets/index | org/bearer": 401,
  "POST v2/datasets/index | project/basic": 400,
  "POST v2/datasets/index | project/bearer": 403,
  "PUT llm-connections/index | admin/admin": 403,
  "PUT llm-connections/index | agent/basic": 401,
  "PUT llm-connections/index | agent/bearer": 401,
  "PUT llm-connections/index | org/basic": 403,
  "PUT llm-connections/index | org/bearer": 401,
  "PUT llm-connections/index | project/basic": 400,
  "PUT llm-connections/index | project/bearer": 403,
  "PUT models/[modelId]/index | admin/admin": 403,
  "PUT models/[modelId]/index | agent/basic": 401,
  "PUT models/[modelId]/index | agent/bearer": 401,
  "PUT models/[modelId]/index | org/basic": 403,
  "PUT models/[modelId]/index | org/bearer": 401,
  "PUT models/[modelId]/index | project/basic": 400,
  "PUT models/[modelId]/index | project/bearer": 403,
}
`;
